$ontext

mapping用の集合の定義。統合後の集合はsetフォルダで定義。

このファイルでは以下の 4 つの集合（set）を定義．

・行部門の mapping 用の集合 (row_map)
・列部門の mapping 用の集合 (col_map)
・付加価値部門用の mapping 用の集合 (va_map)
・最終需要部門用の mapping 用の集合 (fd_map)

$offtext

set row_map(row_bas,row) "行部門のマップ" /
0111011.agr        米
0111012.agr        稲わら
0111021.agr        小麦（国産）
0111022.agr        小麦（輸入）
0111023.agr        大麦（国産）
0111024.agr        大麦（輸入）
0112011.agr        かんしょ
0112012.agr        ばれいしょ
0112021.agr        大豆（国産）
0112022.agr        大豆（輸入）
0112029.agr        その他の豆類
0113001.agr        野菜
0114011.agr        かんきつ
0114012.agr        りんご
0114019.agr        その他の果実
0115011.agr        砂糖原料作物
0115021.agr        コーヒー豆・カカオ豆（輸入）
0115029.agr        その他の飲料用作物
0115091.agr        雑穀
0115092.agr        油糧作物
0115099.agr        他に分類されない食用耕種作物
0116011.agr        飼料作物
0116021.agr        種苗
0116031.agr        花き・花木類
0116091.agr        葉たばこ
0116092.agr        生ゴム（輸入）
0116093.agr        綿花（輸入）
0116099.agr        他に分類されない非食用耕種作物
0121011.agr        生乳　
0121019.agr        その他の酪農生産物
0121021.agr        肉用牛
0121031.agr        豚
0121041.agr        鶏卵
0121051.agr        肉鶏
0121091.agr        羊毛
0121099.agr        他に分類されない畜産
0131011.agr        獣医業
0131021.agr        農業サービス（獣医業を除く。）
0151011.agr        育林
0152011.agr        素材（国産）
0152012.agr        素材（輸入）
0153011.agr        特用林産物（狩猟業を含む。）
0171011.agr        海面漁業（国産）
0171012.agr        海面漁業（輸入）
0171021.agr        海面養殖業
0172001.agr        内水面漁業・養殖業
0611011.nei        鉄鉱石
0611012.nei        非鉄金属鉱物
0621011.coa        石炭
0621012.oil        原油
0621013.gas        天然ガス
0631011.nei        砂利・採石
0631021.nei        砕石
0639091.nei        石灰石
0639092.nei        窯業原料鉱物（石灰石を除く。）
0639099.nei        他に分類されない鉱物
1111011.nei        牛肉
1111012.nei        豚肉
1111013.nei        鶏肉
1111014.nei        その他の食肉
1111015.nei        と畜副産物（肉鶏処理副産物を含む。）
1112011.nei        肉加工品
1112021.nei        畜産びん・かん詰
1112031.nei        飲用牛乳
1112032.nei        乳製品
1113011.nei        冷凍魚介類
1113021.nei        塩・干・くん製品
1113031.nei        水産びん・かん詰
1113041.nei        ねり製品
1113099.nei        その他の水産食品
1114011.nei        精米
1114019.nei        その他の精穀
1114021.nei        小麦粉
1114029.nei        その他の製粉
1115011.nei        めん類
1115021.nei        パン類
1115031.nei        菓子類
1116011.nei        農産びん・かん詰
1116021.nei        農産保存食料品（びん・かん詰を除く。）
1117011.nei        精製糖
1117019.nei        その他の砂糖・副産物
1117021.nei        でん粉
1117031.nei        ぶどう糖・水あめ・異性化糖
1117041.nei        植物油脂
1117042.nei        動物油脂
1117043.nei        加工油脂
1117044.nei        植物原油かす
1117051.nei        調味料
1119011.nei        冷凍調理食品
1119021.nei        レトルト食品
1119031.nei        そう菜・すし・弁当
1119041.nei        学校給食（国公立）★★
1119051.nei        学校給食（私立）★
1119099.nei        その他の食料品
1121011.nei        清酒
1121021.nei        ビール類
1121031.nei        ウイスキー類
1121099.nei        その他の酒類
1129011.nei        茶・コーヒー
1129021.nei        清涼飲料
1129031.nei        製氷
1131011.nei        飼料
1131021.nei        有機質肥料（別掲を除く。）
1141011.nei        たばこ
1511011.nei        紡績糸
1512011.nei        綿・スフ織物（合繊短繊維織物を含む。）
1512021.nei        絹・人絹織物（合繊長繊維織物を含む。）
1512099.nei        その他の織物
1513011.nei        ニット生地
1514011.nei        染色整理
1519091.nei        綱・網
1519099.nei        他に分類されない繊維工業製品
1521011.nei        織物製衣服
1521021.nei        ニット製衣服
1522099.nei        その他の衣服・身の回り品
1529011.nei        寝具
1529021.nei        じゅうたん・床敷物
1529091.nei        繊維製衛生材料
1529099.nei        他に分類されない繊維既製品
1611011.eis        製材
1611021.eis        合板・集成材
1611031.eis        木材チップ
1619091.eis        建設用木製品
1619099.eis        他に分類されない木製品
1621011.eis        木製家具
1621021.eis        金属製家具
1621031.eis        木製建具
1621099.eis        その他の家具・装備品
1631011.eis        パルプ
1631021.eis        古紙
1632011.eis        洋紙・和紙
1632021.eis        板紙
1633011.eis        段ボール
1633021.eis        塗工紙・建設用加工紙
1641011.eis        段ボール箱
1641099.eis        その他の紙製容器
1649011.eis        紙製衛生材料・用品
1649099.eis        その他のパルプ・紙・紙加工品
1911011.nei        印刷・製版・製本
2011011.eis        化学肥料
2021011.eis        ソーダ灰
2021012.eis        か性ソーダ
2021013.eis        液体塩素
2021019.eis        その他のソーダ工業製品
2029011.eis        酸化チタン
2029012.eis        カーボンブラック
2029019.eis        その他の無機顔料
2029021.eis        圧縮ガス・液化ガス
2029031.eis        原塩
2029032.eis        塩
2029099.eis        その他の無機化学工業製品
2031011.eis        エチレン
2031012.eis        プロピレン
2031019.eis        その他の石油化学基礎製品
2031021.eis        純ベンゼン
2031022.eis        純トルエン
2031023.eis        キシレン
2031029.eis        その他の石油化学系芳香族製品
2041011.eis        合成アルコール類
2041012.eis        酢酸
2041013.eis        二塩化エチレン
2041014.eis        アクリロニトリル
2041015.eis        エチレングリコール
2041016.eis        酢酸ビニルモノマー
2041019.eis        その他の脂肪族中間物
2041021.eis        スチレンモノマー
2041022.eis        合成石炭酸
2041023.eis        テレフタル酸（高純度）
2041024.eis        カプロラクタム
2041029.eis        その他の環式中間物
2041031.eis        合成染料・有機顔料
2042011.eis        合成ゴム
2049011.eis        メタン誘導品
2049021.eis        可塑剤
2049099.eis        その他の有機化学工業製品
2051011.eis        熱硬化性樹脂
2051021.eis        ポリエチレン（低密度）
2051022.eis        ポリエチレン（高密度）
2051023.eis        ポリスチレン
2051024.eis        ポリプロピレン
2051025.eis        塩化ビニル樹脂
2051031.eis        高機能性樹脂
2051099.eis        その他の合成樹脂
2061011.eis        レーヨン・アセテート
2061021.eis        合成繊維
2071011.eis        医薬品
2081011.eis        油脂加工製品
2081012.eis        石けん・合成洗剤
2081013.eis        界面活性剤
2081021.eis        化粧品・歯磨
2082011.eis        塗料
2082021.eis        印刷インキ
2083011.eis        写真感光材料
2084011.eis        農薬
2089011.eis        ゼラチン・接着剤
2089091.eis        触媒
2089099.eis        他に分類されない化学最終製品
2111011.gso        ガソリン
2111012.jet        ジェット燃料油
2111013.ker        灯油
2111014.loi        軽油
2111015.hoi        Ａ重油
2111016.hoi        Ｂ重油・Ｃ重油
2111017.nap        ナフサ
2111018.lpg        液化石油ガス
2111019.opp        その他の石油製品
2121011.cok        コークス
2121019.cop        その他の石炭製品
2121021.cop        舗装材料
2211011.nei        プラスチックフィルム・シート
2211012.nei        プラスチック板・管・棒
2211013.nei        プラスチック発泡製品
2211014.nei        工業用プラスチック製品
2211015.nei        強化プラスチック製品
2211016.nei        プラスチック製容器
2211017.nei        プラスチック製日用雑貨・食卓用品
2211019.nei        その他のプラスチック製品
2221011.nei        タイヤ・チューブ
2229011.nei        ゴム製・プラスチック製履物
2229099.nei        その他のゴム製品
2311011.nei        革製履物
2312011.nei        製革・毛皮
2312021.nei        かばん・袋物・その他の革製品
2511011.eis        板ガラス
2511012.eis        安全ガラス・複層ガラス
2511021.eis        ガラス繊維・同製品
2511091.eis        ガラス製加工素材
2511099.eis        他に分類されないガラス製品
2521011.eis        セメント
2521021.eis        生コンクリート
2521031.eis        セメント製品
2531011.eis        建設用陶磁器
2531012.eis        工業用陶磁器
2531013.eis        日用陶磁器
2591011.eis        耐火物
2591099.eis        その他の建設用土石製品
2599011.eis        炭素・黒鉛製品
2599021.eis        研磨材
2599099.eis        その他の窯業・土石製品
2611011.eis        銑鉄
2611021.eis        フェロアロイ
2611031.eis        粗鋼（転炉）
2611041.eis        粗鋼（電気炉）
2612011.eis        鉄屑
2621011.eis        普通鋼形鋼
2621012.eis        普通鋼鋼板
2621013.eis        普通鋼鋼帯
2621014.eis        普通鋼小棒
2621015.eis        その他の普通鋼熱間圧延鋼材
2621016.eis        特殊鋼熱間圧延鋼材
2622011.eis        普通鋼鋼管
2622012.eis        特殊鋼鋼管
2623011.eis        普通鋼冷間仕上鋼材
2623012.eis        特殊鋼冷間仕上鋼材
2623021.eis        めっき鋼材
2631011.eis        鍛鋼
2631012.eis        鋳鋼
2631021.eis        鋳鉄管
2631031.eis        鋳鉄品
2631032.eis        鍛工品（鉄）
2699011.eis        鉄鋼シャースリット業
2699099.eis        その他の鉄鋼製品
2711011.eis        銅
2711021.eis        鉛・亜鉛（再生を含む。）
2711031.eis        アルミニウム（再生を含む。）
2711099.eis        その他の非鉄金属地金
2712011.eis        非鉄金属屑
2721011.eis        電線・ケーブル
2721021.eis        光ファイバケーブル
2729011.eis        伸銅品
2729021.eis        アルミ圧延製品
2729031.eis        非鉄金属素形材
2729041.eis        核燃料
2729099.eis        その他の非鉄金属製品
2811011.eis        建設用金属製品
2812011.eis        建築用金属製品
2891011.eis        ガス・石油機器・暖厨房機器
2899011.eis        ボルト・ナット・リベット・スプリング
2899021.eis        金属製容器・製缶板金製品
2899031.eis        配管工事附属品
2899032.eis        粉末や金製品
2899033.eis        刃物・道具類
2899091.eis        金属プレス製品
2899092.eis        金属線製品
2899099.eis        他に分類されない金属製品
2911011.nei        ボイラ
2911021.nei        タービン
2911031.nei        原動機
2912011.nei        ポンプ・圧縮機
2913011.nei        運搬機械
2914011.nei        冷凍機・温湿調整装置
2919011.nei        ベアリング
2919091.nei        動力伝導装置
2919099.nei        他に分類されないはん用機械
3011011.nei        農業用機械
3012011.nei        建設・鉱山機械
3013011.nei        繊維機械
3014011.nei        食品機械・同装置
3014012.nei        木材加工機械
3014013.nei        パルプ装置・製紙機械
3014014.nei        印刷・製本・紙工機械
3014015.nei        包装・荷造機械
3015011.nei        化学機械
3015021.nei        鋳造装置
3015022.nei        プラスチック加工機械
3016011.nei        金属工作機械
3016021.nei        金属加工機械
3016031.nei        機械工具
3017011.nei        半導体製造装置
3019011.nei        金型
3019021.nei        真空装置・真空機器
3019031.nei        ロボット
3019099.nei        その他の生産用機械
3111011.nei        複写機
3111099.nei        その他の事務用機械
3112011.nei        自動販売機
3112012.nei        娯楽用機器
3112019.nei        その他のサービス用機器
3113011.nei        計測機器
3114011.nei        医療用機械器具
3115011.nei        光学機械・レンズ
3116011.nei        武器
3211011.nei        電子管
3211021.nei        半導体素子
3211031.nei        集積回路
3211041.nei        液晶パネル
3299011.nei        磁気テープ・磁気ディスク
3299021.nei        電子回路
3299099.nei        その他の電子部品
3311011.nei        発電機器
3311012.nei        電動機
3311021.nei        変圧器・変成器
3311031.nei        開閉制御装置・配電盤
3311041.nei        配線器具
3311051.nei        内燃機関電装品
3311099.nei        その他の産業用電気機器
3321011.nei        民生用エアコンディショナ
3321021.nei        民生用電気機器（エアコンを除く。）
3331011.nei        電子応用装置
3332011.nei        電気計測器
3399011.nei        電球類
3399021.nei        電気照明器具
3399031.nei        電池
3399099.nei        その他の電気機械器具
3411011.nei        ビデオ機器・デジタルカメラ
3411021.nei        電気音響機器
3411031.nei        ラジオ・テレビ受信機
3412011.nei        有線電気通信機器
3412021.nei        携帯電話機
3412031.nei        無線電気通信機器（携帯電話機を除く。）
3412099.nei        その他の電気通信機器
3421011.nei        パーソナルコンピュータ
3421021.nei        電子計算機本体（パソコンを除く。）
3421031.nei        電子計算機附属装置
3511011.nei        乗用車
3521011.nei        トラック・バス・その他の自動車
3522011.nei        二輪自動車
3531011.nei        自動車用内燃機関
3531021.nei        自動車部品
3541011.nei        鋼船
3541021.nei        その他の船舶
3541031.nei        舶用内燃機関
3541101.nei        船舶修理
3591011.nei        鉄道車両
3591101.nei        鉄道車両修理
3592011.nei        航空機
3592101.nei        航空機修理
3599011.nei        自転車
3599091.nei        産業用運搬車両
3599099.nei        他に分類されない輸送機械
3911011.nei        がん具
3911021.nei        運動用品
3919011.nei        身辺細貨品
3919021.nei        時計
3919031.nei        楽器
3919041.nei        筆記具・文具
3919051.nei        畳・わら加工品
3919061.nei        情報記録物
3919099.nei        その他の製造工業製品
3921011.nei        再生資源回収・加工処理
4111011.con        住宅建築（木造）
4111021.con        住宅建築（非木造）
4112011.con        非住宅建築（木造）
4112021.con        非住宅建築（非木造）
4121011.con        建設補修
4131011.con        道路関係公共事業
4131021.con        河川・下水道・その他の公共事業
4131031.con        農林関係公共事業
4191011.con        鉄道軌道建設
4191021.con        電力施設建設
4191031.con        電気通信施設建設
4191099.con        その他の土木建設
4611001.ely        事業用電力
4611041.ely        自家発電
4621011.g_h        都市ガス
4622011.g_h        熱供給業
4711011.ser        上水道・簡易水道
4711021.ser        工業用水
4711031.ser        下水道★★
4811011.ser        廃棄物処理（公営）★★
4811021.ser        廃棄物処理（産業）
5111011.ser        卸売
5112011.ser        小売
5311011.ser        公的金融（ＦＩＳＩＭ）
5311012.ser        民間金融（ＦＩＳＩＭ）
5311013.ser        公的金融（手数料）
5311014.ser        民間金融（手数料）
5312011.ser        生命保険
5312021.ser        損害保険
5511011.ser        不動産仲介・管理業
5511021.ser        不動産賃貸業
5521011.ser        住宅賃貸料
5531011.ser        住宅賃貸料（帰属家賃）
5711011.rai        鉄道旅客輸送
5712011.rai        鉄道貨物輸送
5721011.r_p        バス
5721021.r_p        ハイヤー・タクシー
5722011.r_f        道路貨物輸送（自家輸送を除く。）
5731011.r_p        自家輸送（旅客自動車）
5732011.r_f        自家輸送（貨物自動車）
5741011.wat        外洋輸送
5742011.wat        沿海・内水面旅客輸送
5742012.wat        沿海・内水面貨物輸送
5743011.wat        港湾運送
5751011.air        国際航空輸送
5751012.air        国内航空旅客輸送
5751013.air        国内航空貨物輸送
5751014.air        航空機使用事業
5761011.ser        貨物利用運送
5771011.ser        倉庫
5781011.ser        こん包
5789011.ser        道路輸送施設提供
5789021.ser        水運施設管理★★
5789031.ser        水運附帯サービス
5789041.ser        航空施設管理（国公営）★★
5789051.ser        航空施設管理（産業）
5789061.ser        航空附帯サービス
5789099.ser        旅行・その他の運輸附帯サービス
5791011.ser        郵便・信書便
5911011.ser        固定電気通信
5911021.ser        移動電気通信
5911099.ser        その他の電気通信
5919099.ser        その他の通信サービス
5921011.ser        公共放送
5921021.ser        民間放送
5921031.ser        有線放送
5931011.ser        ソフトウェア業
5931012.ser        情報処理・提供サービス
5941011.ser        インターネット附随サービス
5951011.ser        映像・音声・文字情報制作業
5951021.ser        新聞
5951031.ser        出版
6111011.ser        公務（中央）★★
6112011.ser        公務（地方）★★
6311011.ser        学校教育（国公立）★★
6311021.ser        学校教育（私立）★
6312011.ser        社会教育（国公立）★★
6312021.ser        社会教育（非営利）★
6312031.ser        その他の教育訓練機関（国公立）★★
6312041.ser        その他の教育訓練機関（産業）
6321011.ser        自然科学研究機関（国公立）★★
6321021.ser        人文科学研究機関（国公立）★★
6321031.ser        自然科学研究機関（非営利）★
6321041.ser        人文科学研究機関（非営利）★
6321051.ser        自然科学研究機関（産業）
6321061.ser        人文科学研究機関（産業）
6322011.ser        企業内研究開発
6411011.mhs        医療（入院診療）
6411021.mhs        医療（入院外診療）
6411031.mhs        医療（歯科診療）
6411041.mhs        医療（調剤）
6411051.mhs        医療（その他の医療サービス）
6421011.mhs        保健衛生（国公立）★★
6421021.mhs        保健衛生（産業）
6431011.mhs        社会保険事業★★
6431021.mhs        社会福祉（国公立）★★
6431031.mhs        社会福祉（非営利）★
6431041.mhs        社会福祉（産業）
6441011.mhs        介護（施設サービス）
6441021.mhs        介護（施設サービスを除く。）
6599011.ser        対企業民間非営利団体
6599021.ser        対家計民間非営利団体（別掲を除く。）★
6611011.ser        産業用機械器具（建設機械器具を除く。）賃貸業
6611012.ser        建設機械器具賃貸業
6611013.ser        電子計算機・同関連機器賃貸業
6611014.ser        事務用機械器具（電算機等を除く。）賃貸業
6611015.ser        スポーツ・娯楽用品・その他の物品賃貸業
6612011.ser        貸自動車業
6621011.ser        テレビ・ラジオ広告
6621012.ser        新聞・雑誌・その他の広告
6631101.ser        自動車整備
6632101.ser        機械修理
6699011.ser        法務・財務・会計サービス
6699021.ser        土木建築サービス
6699031.ser        労働者派遣サービス
6699041.ser        建物サービス
6699051.ser        警備業
6699099.ser        その他の対事業所サービス
6711011.ser        宿泊業
6721011.ser        飲食サービス
6731011.ser        洗濯業
6731021.ser        理容業
6731031.ser        美容業
6731041.ser        浴場業
6731099.ser        その他の洗濯・理容・美容・浴場業
6741011.ser        映画館
6741021.ser        興行場（映画館を除く。）・興行団
6741031.ser        競輪・競馬等の競走場・競技団
6741041.ser        スポーツ施設提供業・公園・遊園地
6741051.ser        遊戯場
6741099.ser        その他の娯楽
6799011.ser        写真業
6799021.ser        冠婚葬祭業
6799031.ser        個人教授業
6799041.ser        各種修理業（別掲を除く。）
6799099.ser        その他の対個人サービス
6811000.ser        事務用品
6911000.ser        分類不明
/;

set col_map(col_bas,col) "列部門のマップ" /
011101.agr        米
011102.agr        麦類
011201.agr        いも類
011202.agr        豆類
011301.agr        野菜（露地）
011302.agr        野菜（施設）
011401.agr        果実
011501.agr        砂糖原料作物
011502.agr        飲料用作物
011509.agr        その他の食用耕種作物
011601.agr        飼料作物
011602.agr        種苗
011603.agr        花き・花木類
011609.agr        その他の非食用耕種作物
012101.agr        酪農
012102.agr        肉用牛
012103.agr        豚
012104.agr        鶏卵
012105.agr        肉鶏
012109.agr        その他の畜産
013101.agr        獣医業
013102.agr        農業サービス（獣医業を除く。）
015101.agr        育林
015201.agr        素材
015301.agr        特用林産物（狩猟業を含む。）
017101.agr        海面漁業
017102.agr        海面養殖業
017201.agr        内水面漁業
017202.agr        内水面養殖業
061101.nei        金属鉱物
062101.f_f        石炭・原油・天然ガス
063101.eis        砂利・採石
063102.eis        砕石
063909.eis        その他の鉱物
111101.nei        食肉
111201.nei        肉加工品
111202.nei        畜産びん・かん詰
111203.nei        酪農品
111301.nei        冷凍魚介類
111302.nei        塩・干・くん製品
111303.nei        水産びん・かん詰
111304.nei        ねり製品
111309.nei        その他の水産食品
111401.nei        精穀
111402.nei        製粉
111501.nei        めん類
111502.nei        パン類
111503.nei        菓子類
111601.nei        農産びん・かん詰
111602.nei        農産保存食料品（びん・かん詰を除く。）
111701.nei        砂糖
111702.nei        でん粉
111703.nei        ぶどう糖・水あめ・異性化糖
111704.nei        動植物油脂
111705.nei        調味料
111901.nei        冷凍調理食品
111902.nei        レトルト食品
111903.nei        そう菜・すし・弁当
111904.ser        学校給食（国公立）★★
111905.ser        学校給食（私立）★
111909.nei        その他の食料品
112101.nei        清酒
112102.nei        ビール類
112103.nei        ウイスキー類
112109.nei        その他の酒類
112901.nei        茶・コーヒー
112902.nei        清涼飲料
112903.nei        製氷
113101.nei        飼料
113102.nei        有機質肥料（別掲を除く。）
114101.nei        たばこ
151101.nei        紡績糸
151201.nei        綿・スフ織物（合繊短繊維織物を含む。）
151202.nei        絹・人絹織物（合繊長繊維織物を含む。）
151209.nei        その他の織物
151301.nei        ニット生地
151401.nei        染色整理
151909.nei        その他の繊維工業製品
152101.nei        織物製衣服
152102.nei        ニット製衣服
152209.nei        その他の衣服・身の回り品
152901.nei        寝具
152902.nei        じゅうたん・床敷物
152909.nei        その他の繊維既製品
161101.eis        製材
161102.eis        合板・集成材
161103.eis        木材チップ
161909.eis        その他の木製品
162101.eis        木製家具
162102.eis        金属製家具
162103.eis        木製建具
162109.eis        その他の家具・装備品
163101.eis        パルプ
163201.eis        洋紙・和紙
163202.eis        板紙
163301.eis        段ボール
163302.eis        塗工紙・建設用加工紙
164101.eis        段ボール箱
164109.eis        その他の紙製容器
164901.eis        紙製衛生材料・用品
164909.eis        その他のパルプ・紙・紙加工品
191101.nei        印刷・製版・製本
201101.eis        化学肥料
202101.eis        ソーダ工業製品
202901.eis        無機顔料
202902.eis        圧縮ガス・液化ガス
202903.eis        塩
202909.eis        その他の無機化学工業製品
203101.eis        石油化学基礎製品
203102.eis        石油化学系芳香族製品
204101.eis        脂肪族中間物
204102.eis        環式中間物
204103.eis        合成染料・有機顔料
204201.eis        合成ゴム
204901.eis        メタン誘導品
204902.eis        可塑剤
204909.eis        その他の有機化学工業製品
205101.eis        熱硬化性樹脂
205102.eis        熱可塑性樹脂
205103.eis        高機能性樹脂
205109.eis        その他の合成樹脂
206101.eis        レーヨン・アセテート
206102.eis        合成繊維
207101.eis        医薬品
208101.eis        油脂加工製品・石けん・合成洗剤・界面活性剤
208102.eis        化粧品・歯磨
208201.eis        塗料
208202.eis        印刷インキ
208301.eis        写真感光材料
208401.eis        農薬
208901.eis        ゼラチン・接着剤
208909.eis        その他の化学最終製品
211101.pet        石油製品
212101.cop        石炭製品
212102.cop        舗装材料
221101.nei        プラスチック製品
222101.nei        タイヤ・チューブ
222901.nei        ゴム製・プラスチック製履物
222909.nei        その他のゴム製品
231101.nei        革製履物
231201.nei        製革・毛皮
231202.nei        かばん・袋物・その他の革製品
251101.eis        板ガラス・安全ガラス
251102.eis        ガラス繊維・同製品
251109.eis        その他のガラス製品
252101.eis        セメント
252102.eis        生コンクリート
252103.eis        セメント製品
253101.eis        陶磁器
259101.eis        耐火物
259109.eis        その他の建設用土石製品
259901.eis        炭素・黒鉛製品
259902.eis        研磨材
259909.eis        その他の窯業・土石製品
261101.eis        銑鉄
261102.eis        フェロアロイ
261103.eis        粗鋼（転炉）
261104.eis        粗鋼（電気炉）
262101.eis        熱間圧延鋼材
262201.eis        鋼管
262301.eis        冷間仕上鋼材
262302.eis        めっき鋼材
263101.eis        鋳鍛鋼
263102.eis        鋳鉄管
263103.eis        鋳鉄品及び鍛工品（鉄）
269901.eis        鉄鋼シャースリット業
269909.eis        その他の鉄鋼製品
271101.eis        銅
271102.eis        鉛・亜鉛（再生を含む。）
271103.eis        アルミニウム（再生を含む。）
271109.eis        その他の非鉄金属地金
272101.eis        電線・ケーブル
272102.eis        光ファイバケーブル
272901.eis        伸銅品
272902.eis        アルミ圧延製品
272903.eis        非鉄金属素形材
272904.eis        核燃料
272909.eis        その他の非鉄金属製品
281101.eis        建設用金属製品
281201.eis        建築用金属製品
289101.eis        ガス・石油機器・暖厨房機器
289901.eis        ボルト・ナット・リベット・スプリング
289902.eis        金属製容器・製缶板金製品
289903.eis        配管工事附属品・粉末や金製品・道具類
289909.eis        その他の金属製品
291101.nei        ボイラ
291102.nei        タービン
291103.nei        原動機
291201.nei        ポンプ・圧縮機
291301.nei        運搬機械
291401.nei        冷凍機・温湿調整装置
291901.nei        ベアリング
291909.nei        その他のはん用機械
301101.nei        農業用機械
301201.nei        建設・鉱山機械
301301.nei        繊維機械
301401.nei        生活関連産業用機械
301501.nei        化学機械
301502.nei        鋳造装置・プラスチック加工機械
301601.nei        金属工作機械
301602.nei        金属加工機械
301603.nei        機械工具
301701.nei        半導体製造装置
301901.nei        金型
301902.nei        真空装置・真空機器
301903.nei        ロボット
301909.nei        その他の生産用機械
311101.nei        複写機
311109.nei        その他の事務用機械
311201.nei        サービス用機器　
311301.nei        計測機器
311401.nei        医療用機械器具
311501.nei        光学機械・レンズ
311601.nei        武器
321101.nei        電子管
321102.nei        半導体素子
321103.nei        集積回路
321104.nei        液晶パネル
329901.nei        磁気テープ・磁気ディスク
329902.nei        電子回路
329909.nei        その他の電子部品
331101.nei        回転電気機械
331102.nei        変圧器・変成器
331103.nei        開閉制御装置・配電盤
331104.nei        配線器具
331105.nei        内燃機関電装品
331109.nei        その他の産業用電気機器
332101.nei        民生用エアコンディショナ
332102.nei        民生用電気機器（エアコンを除く。）
333101.nei        電子応用装置
333201.nei        電気計測器
339901.nei        電球類
339902.nei        電気照明器具
339903.nei        電池
339909.nei        その他の電気機械器具
341101.nei        ビデオ機器・デジタルカメラ
341102.nei        電気音響機器
341103.nei        ラジオ・テレビ受信機
341201.nei        有線電気通信機器
341202.nei        携帯電話機
341203.nei        無線電気通信機器（携帯電話機を除く。）
341209.nei        その他の電気通信機器
342101.nei        パーソナルコンピュータ
342102.nei        電子計算機本体（パソコンを除く。）
342103.nei        電子計算機附属装置
351101.nei        乗用車
352101.nei        トラック・バス・その他の自動車
352201.nei        二輪自動車
353101.nei        自動車用内燃機関
353102.nei        自動車部品
354101.nei        鋼船
354102.nei        その他の船舶
354103.nei        舶用内燃機関
354110.nei        船舶修理
359101.nei        鉄道車両
359110.nei        鉄道車両修理
359201.nei        航空機
359210.nei        航空機修理
359901.nei        自転車
359909.nei        その他の輸送機械
391101.nei        がん具
391102.nei        運動用品
391901.nei        身辺細貨品
391902.nei        時計
391903.nei        楽器
391904.nei        筆記具・文具
391905.nei        畳・わら加工品
391906.nei        情報記録物
391909.nei        その他の製造工業製品
392101.nei        再生資源回収・加工処理
411101.con        住宅建築（木造）
411102.con        住宅建築（非木造）
411201.con        非住宅建築（木造）
411202.con        非住宅建築（非木造）
412101.con        建設補修
413101.con        道路関係公共事業
413102.con        河川・下水道・その他の公共事業
413103.con        農林関係公共事業
419101.con        鉄道軌道建設
419102.con        電力施設建設
419103.con        電気通信施設建設
419109.con        その他の土木建設
461101.e_n        事業用原子力発電
461102.e_f        事業用火力発電
461103.e_h        水力・その他の事業用発電
461104.e_f        自家発電
462101.g_h        都市ガス
462201.g_h        熱供給業
471101.ser        上水道・簡易水道
471102.ser        工業用水
471103.ser        下水道★★
481101.ser        廃棄物処理（公営）★★
481102.ser        廃棄物処理（産業）
511101.ser        卸売
511201.ser        小売
531101.ser        金融
531201.ser        生命保険
531202.ser        損害保険
551101.ser        不動産仲介・管理業
551102.ser        不動産賃貸業
552101.ser        住宅賃貸料
553101.ser        住宅賃貸料（帰属家賃）
571101.rai        鉄道旅客輸送
571201.rai        鉄道貨物輸送
572101.r_p        バス
572102.r_p        ハイヤー・タクシー
572201.r_f        道路貨物輸送（自家輸送を除く。）
573101.r_p        自家輸送（旅客自動車）
573201.r_f        自家輸送（貨物自動車）
574101.wat        外洋輸送
574201.wat        沿海・内水面輸送
574301.wat        港湾運送
575101.air        航空輸送
576101.ser        貨物利用運送
577101.ser        倉庫
578101.ser        こん包
578901.ser        道路輸送施設提供
578902.ser        水運施設管理★★
578903.ser        水運附帯サービス
578904.ser        航空施設管理（国公営）★★
578905.ser        航空施設管理（産業）
578906.ser        航空附帯サービス
578909.ser        旅行・その他の運輸附帯サービス
579101.ser        郵便・信書便
591101.ser        固定電気通信
591102.ser        移動電気通信
591109.ser        その他の電気通信
591909.ser        その他の通信サービス
592101.ser        公共放送
592102.ser        民間放送
592103.ser        有線放送
593101.ser        情報サービス
594101.ser        インターネット附随サービス
595101.ser        映像・音声・文字情報制作業
595102.ser        新聞
595103.ser        出版
611101.ser        公務（中央）★★
611201.ser        公務（地方）★★
631101.ser        学校教育（国公立）★★
631102.ser        学校教育（私立）★
631201.ser        社会教育（国公立）★★
631202.ser        社会教育（非営利）★
631203.ser        その他の教育訓練機関（国公立）★★
631204.ser        その他の教育訓練機関（産業）
632101.ser        自然科学研究機関（国公立）★★
632102.ser        人文科学研究機関（国公立）★★
632103.ser        自然科学研究機関（非営利）★
632104.ser        人文科学研究機関（非営利）★
632105.ser        自然科学研究機関（産業）
632106.ser        人文科学研究機関（産業）
632201.ser        企業内研究開発
641101.mhs        医療（入院診療）
641102.mhs        医療（入院外診療）
641103.mhs        医療（歯科診療）
641104.mhs        医療（調剤）
641105.mhs        医療（その他の医療サービス）
642101.mhs        保健衛生（国公立）★★
642102.mhs        保健衛生（産業）
643101.mhs        社会保険事業★★
643102.mhs        社会福祉（国公立）★★
643103.mhs        社会福祉（非営利）★
643104.mhs        社会福祉（産業）
644101.mhs        介護（施設サービス）
644102.mhs        介護（施設サービスを除く。）
659901.ser        対企業民間非営利団体
659902.ser        対家計民間非営利団体（別掲を除く。）★
661101.ser        物品賃貸業（貸自動車を除く。）
661201.ser        貸自動車業
662101.ser        広告
663110.ser        自動車整備
663210.ser        機械修理
669901.ser        法務・財務・会計サービス
669902.ser        土木建築サービス
669903.ser        労働者派遣サービス
669904.ser        建物サービス
669905.ser        警備業
669909.ser        その他の対事業所サービス
671101.ser        宿泊業
672101.ser        飲食サービス
673101.ser        洗濯業
673102.ser        理容業
673103.ser        美容業
673104.ser        浴場業
673109.ser        その他の洗濯・理容・美容・浴場業
674101.ser        映画館
674102.ser        興行場（映画館を除く。）・興行団
674103.ser        競輪・競馬等の競走場・競技団
674104.ser        スポーツ施設提供業・公園・遊園地
674105.ser        遊戯場
674109.ser        その他の娯楽
679901.ser        写真業
679902.ser        冠婚葬祭業
679903.ser        個人教授業
679904.ser        各種修理業（別掲を除く。）
679909.ser        その他の対個人サービス
681100.ser        事務用品
691100.ser        分類不明
/;

set va_map(row_bas,va) "付加価値部門用の mapping 用の集合" /
7111001.epin       宿泊・日当
7111002.epin       交際費
7111003.epin       福利厚生費
9111000.epin       賃金・俸給
9112000.ssce       社会保険料（雇用主負担）
9113000.epin       その他の給与及び手当
9211000.opse       営業余剰
9311000.depr       資本減耗引当
9321000.depr       資本減耗引当（社会資本等減耗分）
9411000.idtx       間接税（関税・輸入品商品税を除く。）
9511000.subs      （控除）経常補助金
/;

set fd_map(col_bas,fd) "最終需要部門用の mapping 用の集合" /
711100.hhco       家計外消費支出（列）
721100.hhco       家計消費支出
721200.hhco       対家計民間非営利団体消費支出
731101.gvcc       中央政府集合的消費支出
731102.gvcc       地方政府集合的消費支出
731103.gvci       中央政府個別的消費支出
731104.gvci       地方政府個別的消費支出
732101.gvcc       中央政府集合的消費支出（社会資本等減耗分）
732102.gvcc       地方政府集合的消費支出（社会資本等減耗分）
732103.gvci       中央政府個別的消費支出（社会資本等減耗分）
732104.gvci       地方政府個別的消費支出（社会資本等減耗分）
741100.invg       国内総固定資本形成（公的）
751100.invp       国内総固定資本形成（民間）
761101.stck       生産者製品在庫純増
761102.stck       半製品・仕掛品在庫純増
761103.stck       流通在庫純増
761104.stck       原材料在庫純増
771100.stck       調整項
801101.expo       輸出（普通貿易）
801102.expo       輸出（特殊貿易）
801200.expo       輸出（直接購入）
841101.impo       （控除）輸入（普通貿易）
841102.impo       （控除）輸入（特殊貿易）
841200.impo       （控除）輸入（直接購入）
851100.imta       （控除）関税
861100.imtx       （控除）輸入品商品税
/;


* --------------------
* Local Variables:
* mode: gams
* fill-column: 80
* coding: sjis-dos
* End:

