$ontext

mapping用の集合の定義。統合後の集合はsetフォルダで定義。

このファイルでは以下の 4 つの集合（set）を定義．

・行部門の mapping 用の集合 (row_map)
・列部門の mapping 用の集合 (col_map)
・付加価値部門用の mapping 用の集合 (va_map)
・最終需要部門用の mapping 用の集合 (fd_map)

$offtext

set row_map(row_bas,row) "行部門のマップ" /
0111011.agr     米
0111012.agr     稲わら
0111021.agr     小麦（国産）
0111022.agr     小麦（輸入）
0111023.agr     大麦（国産）
0111024.agr     大麦（輸入）
0112011.agr     かんしょ
0112012.agr     ばれいしょ
0112021.agr     大豆（国産）
0112022.agr     大豆（輸入）
0112029.agr     その他の豆類
0113001.agr     野菜
0114011.agr     かんきつ
0114012.agr     りんご
0114019.agr     その他の果実
0115011.agr     砂糖原料作物
0115021.agr     コーヒー豆・カカオ豆（輸入）
0115029.agr     その他の飲料用作物
0115091.agr     雑穀
0115092.agr     油糧作物
0115093.agr     食用工芸作物（除別掲）
0116011.agr     飼料作物
0116021.agr     種苗
0116031.agr     花き・花木類
0116091.agr     葉たばこ
0116092.agr     生ゴム（輸入）
0116093.agr     綿花（輸入）
0116099.agr     その他の非食用耕種作物（除別掲）
0121011.agr     生乳　
0121019.agr     その他の酪農生産物
0121021.agr     鶏卵
0121031.agr     肉鶏
0121041.agr     豚
0121051.agr     肉用牛
0121091.agr     羊毛
0121099.agr     その他の畜産
0131011.agr     獣医業
0131021.agr     農業サービス（除獣医業）
0211011.agr     育林
0212011.agr     素材（国産）
0212012.agr     素材（輸入）
0213011.agr     特用林産物（含狩猟業）
0311001.agr     海面漁業（国産）
0311002.agr     海面漁業（輸入）
0311041.agr     海面養殖業
0312001.agr     内水面漁業・養殖業
0611011.man     鉄鉱石
0611012.man     非鉄金属鉱物
0621011.man     石灰石
0621019.man     その他の窯業原料鉱物
0622011.man     砂利・採石
0622021.man     砕石
0629099.man     その他の非金属鉱物
0711011.coa     石炭
0711012.oil     原油
0711013.nat     天然ガス
1111011.man     牛肉（枝肉）
1111012.man     豚肉（枝肉）
1111013.man     鶏肉
1111014.man     その他の肉（枝肉）
1111015.man     と畜副産物（含肉鶏処理副産物）
1112011.man     肉加工品
1112021.man     畜産びん・かん詰
1112031.man     飲用牛乳
1112032.man     乳製品
1113011.man     冷凍魚介類
1113021.man     塩・干・くん製品
1113031.man     水産びん・かん詰
1113041.man     ねり製品
1113099.man     その他の水産食品
1114011.man     精米
1114019.man     その他の精穀
1114021.man     小麦粉
1114029.man     その他の製粉
1115011.man     めん類
1115021.man     パン類
1115031.man     菓子類
1116011.man     農産びん・かん詰
1116021.man     農産保存食料品（除びん・かん詰）
1117011.man     精製糖
1117019.man     その他の砂糖・副産物
1117021.man     でん粉
1117031.man     ぶどう糖・水あめ・異性化糖
1117041.man     植物油脂
1117042.man     加工油脂
1117043.man     植物原油かす
1117051.man     動物油脂
1117061.man     調味料
1119011.man     冷凍調理食品
1119021.man     レトルト食品
1119031.man     そう菜・すし・弁当
1119041.man     学校給食（国公立）★★
1119051.man     学校給食（私立）★
1119099.man     その他の食料品
1121011.man     清酒
1121021.man     ビール
1121031.man     ウィスキー類
1121099.man     その他の酒類
1129011.man     茶・コーヒー
1129021.man     清涼飲料
1129031.man     製氷
1131011.man     飼料
1131021.man     有機質肥料（除別掲）
1141011.man     たばこ
1511011.man     紡績糸
1512011.man     綿・スフ織物（含合繊短繊維織物）
1512021.man     絹・人絹織物（含合繊長繊維織物）
1512031.man     毛織物・麻織物・その他の織物
1513011.man     ニット生地
1514011.man     染色整理
1519011.man     綱・網
1519021.man     じゅうたん・床敷物
1519031.man     繊維製衛生材料
1519099.man     その他の繊維工業製品
1521011.man     織物製衣服
1521021.man     ニット製衣服
1522099.man     その他の衣服・身の回り品
1529011.man     寝具
1529099.man     その他の繊維既製品
1611011.man     製材
1611021.man     合板
1611031.man     木材チップ
1619091.man     建設用木製品
1619099.man     その他の木製品（除別掲）
1711011.man     木製家具・装備品
1711021.man     木製建具
1711031.man     金属製家具・装備品
1811011.man     パルプ
1811021.man     古紙
1812011.man     洋紙・和紙
1812021.man     板紙
1813011.man     段ボール
1813021.man     塗工紙・建設用加工紙
1821011.man     段ボール箱
1821099.man     その他の紙製容器
1829011.man     紙製衛生材料・用品
1829099.man     その他のパルプ・紙・紙加工品
1911011.man     印刷・製版・製本
2011011.man     化学肥料
2021011.man     ソーダ灰
2021012.man     か性ソーダ
2021013.man     液体塩素
2021019.man     その他のソーダ工業製品
2029011.man     酸化チタン
2029012.man     カーボンブラック
2029019.man     その他の無機顔料
2029021.man     圧縮ガス・液化ガス
2029031.man     原塩
2029032.man     塩
2029099.man     その他の無機化学工業製品
2031011.man     エチレン
2031012.man     プロピレン
2031019.man     その他の石油化学基礎製品
2031021.man     純ベンゼン
2031022.man     純トルエン
2031023.man     キシレン
2031029.man     その他の石油化学系芳香族製品
2032011.man     合成アルコール類
2032012.man     酢酸
2032013.man     二塩化エチレン
2032014.man     アクリロニトリル
2032015.man     エチレングリコール
2032016.man     酢酸ビニルモノマー
2032019.man     その他の脂肪族中間物
2032021.man     スチレンモノマー
2032022.man     合成石炭酸
2032023.man     テレフタル酸（高純度）
2032024.man     カプロラクタム
2032029.man     その他の環式中間物
2033011.man     合成ゴム
2039011.man     メタン誘導品
2039021.man     油脂加工製品
2039031.man     可塑剤
2039041.man     合成染料
2039099.man     その他の有機化学工業製品
2041011.man     熱硬化性樹脂
2041021.man     ポリエチレン（低密度）
2041022.man     ポリエチレン（高密度）
2041023.man     ポリスチレン
2041024.man     ポリプロピレン
2041025.man     塩化ビニル樹脂
2041031.man     高機能性樹脂
2041099.man     その他の合成樹脂
2051011.man     レーヨン・アセテート
2051021.man     合成繊維
2061011.man     医薬品
2071011.man     石けん・合成洗剤
2071012.man     界面活性剤
2071021.man     化粧品・歯磨
2072011.man     塗料
2072021.man     印刷インキ
2073011.man     写真感光材料
2074011.man     農薬
2079011.man     ゼラチン・接着剤
2079091.man     触媒
2079099.man     その他の化学最終製品（除別掲）
2111011.gsl     ガソリン
2111012.pet     ジェット燃料油
2111013.pet     灯油
2111014.pet     軽油
2111015.pet     Ａ重油
2111016.pet     Ｂ重油・Ｃ重油
2111017.pet     ナフサ
2111018.pet     液化石油ガス
2111019.pet     その他の石油製品
2121011.cok     コークス
2121019.cop     その他の石炭製品
2121021.cop     舗装材料
2211011.man     プラスチックフィルム・シート
2211012.man     プラスチック板・管・棒
2211013.man     プラスチック発泡製品
2211014.man     工業用プラスチック製品
2211015.man     強化プラスチック製品
2211016.man     プラスチック製容器
2211017.man     プラスチック製日用雑貨・食卓用品
2211019.man     その他のプラスチック製品
2311011.man     タイヤ・チューブ
2319011.man     ゴム製履物
2319021.man     プラスチック製履物
2319099.man     その他のゴム製品
2411011.man     革製履物
2412011.man     製革・毛皮
2412021.man     かばん・袋物・その他の革製品
2511011.man     板ガラス
2511012.man     安全ガラス・複層ガラス
2512011.man     ガラス繊維・同製品
2519091.man     ガラス製加工素材
2519099.man     その他のガラス製品（除別掲）
2521011.cem     セメント
2522011.cem     生コンクリート
2523011.cem     セメント製品
2531011.man     建設用陶磁器
2531012.man     工業用陶磁器
2531013.man     日用陶磁器
2599011.man     耐火物
2599021.man     その他の建設用土石製品
2599031.man     炭素・黒鉛製品
2599041.man     研磨材
2599099.man     その他の窯業・土石製品
2611011.i_s     銑鉄
2611021.i_s     フェロアロイ
2611031.i_s     粗鋼（転炉）
2611041.i_s     粗鋼（電気炉）
2612011.i_s     鉄屑
2621011.i_s     普通鋼形鋼
2621012.i_s     普通鋼鋼板
2621013.i_s     普通鋼鋼帯
2621014.i_s     普通鋼小棒
2621015.i_s     その他の普通鋼熱間圧延鋼材
2621016.i_s     特殊鋼熱間圧延鋼材
2622011.i_s     普通鋼鋼管
2622012.i_s     特殊鋼鋼管
2623011.i_s     普通鋼冷間仕上鋼材
2623012.i_s     特殊鋼冷間仕上鋼材
2623021.i_s     めっき鋼材
2631011.i_s     鍛鋼
2631012.i_s     鋳鋼
2631021.i_s     鋳鉄管
2631031.i_s     鋳鉄品
2631032.i_s     鍛工品（鉄）
2649011.i_s     鉄鋼シャースリット業
2649099.i_s     その他の鉄鋼製品
2711011.man     銅
2711021.man     鉛・亜鉛（含再生）
2711031.man     アルミニウム（含再生）
2711099.man     その他の非鉄金属地金
2712011.man     非鉄金属屑
2721011.man     電線・ケーブル
2721021.man     光ファイバケーブル
2722011.man     伸銅品
2722021.man     アルミ圧延製品
2722031.man     非鉄金属素形材
2722041.man     核燃料
2722099.man     その他の非鉄金属製品
2811011.man     建設用金属製品
2812011.man     建築用金属製品
2891011.man     ガス・石油機器及び暖厨房機器
2899011.man     ボルト・ナット・リベット及びスプリング
2899021.man     金属製容器及び製缶板金製品
2899031.man     配管工事付属品
2899032.man     粉末や金製品
2899033.man     刃物及び道具類
2899091.man     金属プレス製品
2899092.man     金属線製品
2899099.man     その他の金属製品（除別掲）
3011011.man     ボイラ
3011021.man     タービン
3011031.man     原動機
3012011.man     運搬機械
3013011.man     冷凍機・温湿調整装置
3019011.man     ポンプ及び圧縮機
3019021.man     機械工具
3019099.man     その他の一般産業機械及び装置
3021011.man     建設・鉱山機械
3022011.man     化学機械
3023011.man     産業用ロボット
3024011.man     金属工作機械
3024021.man     金属加工機械
3029011.man     農業用機械
3029021.man     繊維機械
3029031.man     食品機械・同装置
3029041.man     半導体製造装置
3029051.man     真空装置・真空機器
3029091.man     製材・木材加工・合板機械
3029092.man     パルプ装置・製紙機械
3029093.man     印刷・製本・紙工機械
3029094.man     鋳造装置
3029095.man     プラスチック加工機械
3029099.man     その他の特殊産業用機械（除別掲）
3031011.man     金型
3031021.man     ベアリング
3031099.man     その他の一般機械器具及び部品
3111011.man     複写機
3111099.man     その他の事務用機械
3112011.man     自動販売機
3112012.man     娯楽用機器
3112019.man     その他のサービス用機器
3211011.man     発電機器
3211012.man     電動機
3211021.man     変圧器・変成器
3211031.man     開閉制御装置及び配電盤
3211041.man     配線器具
3211051.man     内燃機関電装品
3211099.man     その他の産業用電気機器
3221011.man     電子応用装置
3231011.man     電気計測器
3241011.man     電球類
3241021.man     電気照明器具
3241031.man     電池
3241099.man     その他の電気機械器具
3251011.man     民生用エアコンディショナ
3251021.man     民生用電気機器（除エアコン）
3311011.man     ビデオ機器
3311021.man     電気音響機器
3311031.man     ラジオ・テレビ受信機
3321011.man     有線電気通信機器
3321021.man     携帯電話機
3321031.man     無線電気通信機器（除携帯電話機）
3321099.man     その他の電気通信機器
3331011.man     パーソナルコンピュータ
3331021.man     電子計算機本体（除パソコン）
3331031.man     電子計算機付属装置
3411011.man     半導体素子
3411021.man     集積回路
3421011.man     電子管
3421021.man     液晶素子
3421031.man     磁気テープ・磁気ディスク
3421099.man     その他の電子部品
3511011.man     乗用車
3521011.man     トラック・バス・その他の自動車
3531011.man     二輪自動車
3541011.man     自動車車体
3541021.man     自動車用内燃機関・同部分品
3541031.man     自動車部品
3611011.man     鋼船
3611021.man     その他の船舶
3611031.man     舶用内燃機関
3611101.man     船舶修理
3621011.man     鉄道車両
3621101.man     鉄道車両修理
3622011.man     航空機
3622101.man     航空機修理
3629011.man     自転車
3629091.man     産業用運搬車両
3629099.man     その他の輸送機械（除別掲）
3711011.man     カメラ
3711099.man     その他の光学機械
3712011.man     時計
3719011.man     理化学機械器具
3719021.man     分析器・試験機・計量器・測定器
3719031.man     医療用機械器具
3911011.man     がん具
3911021.man     運動用品
3919011.man     楽器
3919021.man     情報記録物
3919031.man     筆記具・文具
3919041.man     身辺細貨品
3919051.man     畳・わら加工品
3919061.man     武器
3919099.man     その他の製造工業製品
3921011.man     再生資源回収・加工処理
4111011.ser     住宅建築（木造）
4111021.ser     住宅建築（非木造）
4112011.ser     非住宅建築（木造）
4112021.ser     非住宅建築（非木造）
4121011.ser     建設補修
4131011.ser     道路関係公共事業
4131021.ser     河川・下水道・その他の公共事業
4131031.ser     農林関係公共事業
4132011.ser     鉄道軌道建設
4132021.ser     電力施設建設
4132031.ser     電気通信施設建設
4132099.ser     その他の土木建設
5111001.ely     事業用電力
5111041.ely     自家発電
5121011.gas     都市ガス
5122011.ser     熱供給業
5211011.ser     上水道・簡易水道
5211021.ser     工業用水
5211031.ser     下水道★★
5212011.ser     廃棄物処理（公営）★★
5212021.ser     廃棄物処理（産業）
6111011.ser     卸売
6112011.ser     小売
6211011.ser     公的金融（帰属利子）
6211012.ser     民間金融（帰属利子）
6211013.ser     公的金融（手数料）
6211014.ser     民間金融（手数料）
6212011.ser     生命保険
6212021.ser     損害保険
6411011.ser     不動産仲介・管理業
6411021.ser     不動産賃貸業
6421011.ser     住宅賃貸料
6422011.ser     住宅賃貸料（帰属家賃）
7111011.trs     鉄道旅客輸送
7112011.trs     鉄道貨物輸送
7121011.trs     バス
7121021.trs     ハイヤー・タクシー
7122011.trs     道路貨物輸送（除自家輸送）
7131011.trs     自家輸送（旅客自動車）
7132011.trs     自家輸送（貨物自動車）
7141011.trs     外洋輸送
7142011.trs     沿海・内水面旅客輸送
7142012.trs     沿海・内水面貨物輸送
7143011.trs     港湾運送
7151011.trs     国際航空輸送
7151012.trs     国内航空旅客輸送
7151013.trs     国内航空貨物輸送
7151014.trs     航空機使用事業
7161011.trs     貨物利用運送
7171011.trs     倉庫
7181011.trs     こん包
7189011.trs     道路輸送施設提供
7189021.trs     水運施設管理★★
7189031.trs     その他の水運付帯サービス
7189041.trs     航空施設管理（国公営）★★
7189051.trs     航空施設管理（産業）
7189061.trs     その他の航空付帯サービス
7189099.trs     旅行・その他の運輸付帯サービス
7311011.ser     郵便・信書便
7312011.ser     固定電気通信
7312021.ser     移動電気通信
7312031.ser     その他の電気通信
7319099.ser     その他の通信サービス
7321011.ser     公共放送
7321021.ser     民間放送
7321031.ser     有線放送
7331011.ser     ソフトウェア業
7331012.ser     情報処理・提供サービス
7341011.ser     インターネット附随サービス
7351011.ser     映像情報制作・配給業
7351021.ser     新聞
7351031.ser     出版
7351041.ser     ニュース供給・興信所
8111011.ser     公務（中央）★★
8112011.ser     公務（地方）★★
8211011.ser     学校教育（国公立）★★
8211021.ser     学校教育（私立）★
8213011.ser     社会教育（国公立）★★
8213021.ser     社会教育（非営利）★
8213031.ser     その他の教育訓練機関（国公立）★★
8213041.ser     その他の教育訓練機関（産業）
8221011.ser     自然科学研究機関（国公立）★★
8221021.ser     人文科学研究機関（国公立）★★
8221031.ser     自然科学研究機関（非営利）★
8221041.ser     人文科学研究機関（非営利）★
8221051.ser     自然科学研究機関（産業）
8221061.ser     人文科学研究機関（産業）
8222011.ser     企業内研究開発
8311011.ser     医療（国公立）
8311021.ser     医療（公益法人等）
8311031.ser     医療（医療法人等）
8312011.ser     保健衛生（国公立）★★
8312021.ser     保健衛生（産業）
8313011.ser     社会保険事業（国公立）★★
8313021.ser     社会保険事業（非営利）★
8313031.ser     社会福祉（国公立）★★
8313041.ser     社会福祉（非営利）★
8313051.ser     社会福祉（産業）
8314011.ser     介護（居宅）
8314021.ser     介護（施設）
8411011.ser     対企業民間非営利団体
8411021.ser     対家計民間非営利団体（除別掲）★
8511011.ser     テレビ・ラジオ広告
8511012.ser     新聞・雑誌・その他の広告
8512011.ser     産業用機械器具（除建設機械器具）賃貸業
8512012.ser     建設機械器具賃貸業
8512013.ser     電子計算機・同関連機器賃貸業
8512014.ser     事務用機械器具（除電算機等）賃貸業
8512015.ser     スポーツ・娯楽用品・その他の物品賃貸業
8513011.ser     貸自動車業
8514101.ser     自動車修理
8515101.ser     機械修理
8519011.ser     建物サービス
8519021.ser     法務・財務・会計サービス
8519031.ser     土木建築サービス
8519041.ser     労働者派遣サービス
8519099.ser     その他の対事業所サービス
8611011.ser     映画館
8611021.ser     興行場（除別掲）・興行団
8611031.ser     遊戯場
8611041.ser     競輪・競馬等の競走場・競技団
8611051.ser     スポーツ施設提供業・公園・遊園地
8611099.ser     その他の娯楽
8612011.ser     一般飲食店（除喫茶店）
8612021.ser     喫茶店
8612031.ser     遊興飲食店
8613011.ser     宿泊業
8614011.ser     洗濯業
8614021.ser     理容業
8614031.ser     美容業
8614041.ser     浴場業
8614099.ser     その他の洗濯・理容・美容・浴場業
8619011.ser     写真業
8619021.ser     冠婚葬祭業
8619031.ser     各種修理業（除別掲）
8619041.ser     個人教授業
8619099.ser     その他の対個人サービス
8900000.ser     事務用品
9000000.ser     分類不明
/;

set col_map(col_bas,col) "列部門のマップ" /
011101.agr            米
011102.agr            麦類
011201.agr            いも類
011202.agr            豆類
011301.agr            野菜（露地）
011302.agr            野菜（施設）
011401.agr            果実
011501.agr            砂糖原料作物
011502.agr            飲料用作物
011509.agr            その他の食用耕種作物
011601.agr            飼料作物
011602.agr            種苗
011603.agr            花き・花木類
011609.agr            その他の非食用耕種作物
012101.agr            酪農
012102.agr            鶏卵
012103.agr            肉鶏
012104.agr            豚
012105.agr            肉用牛
012109.agr            その他の畜産
013101.agr            獣医業
013102.agr            農業サービス（除獣医業）
021101.agr            育林
021201.agr            素材
021301.agr            特用林産物（含狩猟業）
031101.agr            沿岸漁業
031102.agr            沖合漁業
031103.agr            遠洋漁業
031104.agr            海面養殖業
031201.agr            内水面漁業
031202.agr            内水面養殖業
061101.man            金属鉱物
062101.man            窯業原料鉱物
062201.man            砂利・採石
062202.man            砕石
062909.man            その他の非金属鉱物
071101.fos            石炭・原油・天然ガス
111101.man            と畜（含肉鶏処理）
111201.man            肉加工品
111202.man            畜産びん・かん詰
111203.man            酪農品
111301.man            冷凍魚介類
111302.man            塩・干・くん製品
111303.man            水産びん・かん詰
111304.man            ねり製品
111309.man            その他の水産食品
111401.man            精穀
111402.man            製粉
111501.man            めん類
111502.man            パン類
111503.man            菓子類
111601.man            農産びん・かん詰
111602.man            農産保存食料品（除びん・かん詰）
111701.man            砂糖
111702.man            でん粉
111703.man            ぶどう糖・水あめ・異性化糖
111704.man            植物油脂
111705.man            動物油脂
111706.man            調味料
111901.man            冷凍調理食品
111902.man            レトルト食品
111903.man            そう菜・すし・弁当
111904.man            学校給食（国公立）★★
111905.man            学校給食（私立）★
111909.man            その他の食料品
112101.man            清酒
112102.man            ビール
112103.man            ウィスキー類
112109.man            その他の酒類
112901.man            茶・コーヒー
112902.man            清涼飲料
112903.man            製氷
113101.man            飼料
113102.man            有機質肥料（除別掲）
114101.man            たばこ
151101.man            紡績糸
151201.man            綿・スフ織物（含合繊短繊維織物）
151202.man            絹・人絹織物（含合繊長繊維織物）
151203.man            毛織物・麻織物・その他の織物
151301.man            ニット生地
151401.man            染色整理
151901.man            綱・網
151902.man            じゅうたん・床敷物
151903.man            繊維製衛生材料
151909.man            その他の繊維工業製品
152101.man            織物製衣服
152102.man            ニット製衣服
152209.man            その他の衣服・身の回り品
152901.man            寝具
152909.man            その他の繊維既製品
161101.man            製材
161102.man            合板
161103.man            木材チップ
161909.man            その他の木製品
171101.man            木製家具・装備品
171102.man            木製建具
171103.man            金属製家具・装備品
181101.man            パルプ
181201.man            洋紙・和紙
181202.man            板紙
181301.man            段ボール
181302.man            塗工紙・建設用加工紙
182101.man            段ボール箱
182109.man            その他の紙製容器
182901.man            紙製衛生材料・用品
182909.man            その他のパルプ・紙・紙加工品
191101.man            印刷・製版・製本
201101.man            化学肥料
202101.man            ソーダ工業製品
202901.man            無機顔料
202902.man            圧縮ガス・液化ガス
202903.man            塩
202909.man            その他の無機化学工業製品
203101.man            石油化学基礎製品
203102.man            石油化学系芳香族製品
203201.man            脂肪族中間物
203202.man            環式中間物
203301.man            合成ゴム
203901.man            メタン誘導品
203902.man            油脂加工製品
203903.man            可塑剤
203904.man            合成染料
203909.man            その他の有機化学工業製品
204101.man            熱硬化性樹脂
204102.man            熱可塑性樹脂
204103.man            高機能性樹脂
204109.man            その他の合成樹脂
205101.man            レーヨン・アセテート
205102.man            合成繊維
206101.man            医薬品
207101.man            石けん・合成洗剤・界面活性剤
207102.man            化粧品・歯磨
207201.man            塗料
207202.man            印刷インキ
207301.man            写真感光材料
207401.man            農薬
207901.man            ゼラチン・接着剤
207909.man            その他の化学最終製品
211101.pet            石油製品
212101.cop            石炭製品
212102.cop            舗装材料
221101.man            プラスチック製品
231101.man            タイヤ・チューブ
231901.man            ゴム製履物
231902.man            プラスチック製履物
231909.man            その他のゴム製品
241101.man            革製履物
241201.man            製革・毛皮
241202.man            かばん・袋物・その他の革製品
251101.man            板ガラス・安全ガラス
251201.man            ガラス繊維・同製品
251909.man            その他のガラス製品
252101.cem            セメント
252201.cem            生コンクリート
252301.cem            セメント製品
253101.man            陶磁器
259901.man            耐火物
259902.man            その他の建設用土石製品
259903.man            炭素・黒鉛製品
259904.man            研磨材
259909.man            その他の窯業・土石製品
261101.i_s            銑鉄
261102.i_s            フェロアロイ
261103.i_s            粗鋼（転炉）
261104.i_s            粗鋼（電気炉）
262101.i_s            熱間圧延鋼材
262201.i_s            鋼管
262301.i_s            冷間仕上鋼材
262302.i_s            めっき鋼材
263101.i_s            鋳鍛鋼
263102.i_s            鋳鉄管
263103.i_s            鋳鉄品及び鍛工品（鉄）
264901.i_s            鉄鋼シャースリット業
264909.i_s            その他の鉄鋼製品
271101.man            銅
271102.man            鉛・亜鉛（含再生）
271103.man            アルミニウム（含再生）
271109.man            その他の非鉄金属地金
272101.man            電線・ケーブル
272102.man            光ファイバケーブル
272201.man            伸銅品
272202.man            アルミ圧延製品
272203.man            非鉄金属素形材
272204.man            核燃料
272209.man            その他の非鉄金属製品
281101.man            建設用金属製品
281201.man            建築用金属製品
289101.man            ガス・石油機器及び暖厨房機器
289901.man            ボルト・ナット・リベット及びスプリング
289902.man            金属製容器及び製缶板金製品
289903.man            配管工事付属品・粉末や金製品・道具類
289909.man            その他の金属製品
301101.man            ボイラ
301102.man            タービン
301103.man            原動機
301201.man            運搬機械
301301.man            冷凍機・温湿調整装置
301901.man            ポンプ及び圧縮機
301902.man            機械工具
301909.man            その他の一般産業機械及び装置
302101.man            建設・鉱山機械
302201.man            化学機械
302301.man            産業用ロボット
302401.man            金属工作機械
302402.man            金属加工機械
302901.man            農業用機械
302902.man            繊維機械
302903.man            食品機械・同装置
302904.man            半導体製造装置
302905.man            真空装置・真空機器
302909.man            その他の特殊産業用機械
303101.man            金型
303102.man            ベアリング
303109.man            その他の一般機械器具及び部品
311101.man            複写機
311109.man            その他の事務用機械
311201.man            サービス用機器　
321101.man            回転電気機械
321102.man            変圧器・変成器
321103.man            開閉制御装置及び配電盤
321104.man            配線器具
321105.man            内燃機関電装品
321109.man            その他の産業用電気機器
322101.man            電子応用装置
323101.man            電気計測器
324101.man            電球類
324102.man            電気照明器具
324103.man            電池
324109.man            その他の電気機械器具
325101.man            民生用エアコンディショナ
325102.man            民生用電気機器（除エアコン）
331101.man            ビデオ機器
331102.man            電気音響機器
331103.man            ラジオ・テレビ受信機
332101.man            有線電気通信機器
332102.man            携帯電話機
332103.man            無線電気通信機器（除携帯電話機）
332109.man            その他の電気通信機器
333101.man            パーソナルコンピュータ
333102.man            電子計算機本体（除パソコン）
333103.man            電子計算機付属装置
341101.man            半導体素子
341102.man            集積回路
342101.man            電子管
342102.man            液晶素子
342103.man            磁気テープ・磁気ディスク
342109.man            その他の電子部品
351101.man            乗用車
352101.man            トラック・バス・その他の自動車
353101.man            二輪自動車
354101.man            自動車車体
354102.man            自動車用内燃機関・同部分品
354103.man            自動車部品
361101.man            鋼船
361102.man            その他の船舶
361103.man            舶用内燃機関
361110.man            船舶修理
362101.man            鉄道車両
362110.man            鉄道車両修理
362201.man            航空機
362210.man            航空機修理
362901.man            自転車
362909.man            その他の輸送機械
371101.man            カメラ
371109.man            その他の光学機械
371201.man            時計
371901.man            理化学機械器具
371902.man            分析器・試験機・計量器・測定器
371903.man            医療用機械器具
391101.man            がん具
391102.man            運動用品
391901.man            楽器
391902.man            情報記録物
391903.man            筆記具・文具
391904.man            身辺細貨品
391905.man            畳・わら加工品
391906.man            武器
391909.man            その他の製造工業製品
392101.man            再生資源回収・加工処理
411101.ser            住宅建築（木造）
411102.ser            住宅建築（非木造）
411201.ser            非住宅建築（木造）
411202.ser            非住宅建築（非木造）
412101.ser            建設補修
413101.ser            道路関係公共事業
413102.ser            河川・下水道・その他の公共事業
413103.ser            農林関係公共事業
413201.ser            鉄道軌道建設
413202.ser            電力施設建設
413203.ser            電気通信施設建設
413209.ser            その他の土木建設
511101.e_n            事業用原子力発電
511102.e_f            事業用火力発電
511103.e_o            水力・その他の事業用発電
511104.e_f            自家発電
512101.gas            都市ガス
512201.ser            熱供給業
521101.ser            上水道・簡易水道
521102.ser            工業用水
521103.ser            下水道★★
521201.ser            廃棄物処理（公営）★★
521202.ser            廃棄物処理（産業）
611101.ser            卸売
611201.ser            小売
621101.ser            金融
621201.ser            生命保険
621202.ser            損害保険
641101.ser            不動産仲介・管理業
641102.ser            不動産賃貸業
642101.ser            住宅賃貸料
642201.ser            住宅賃貸料（帰属家賃）
711101.trs            鉄道旅客輸送
711201.trs            鉄道貨物輸送
712101.trs            バス
712102.trs            ハイヤー・タクシー
712201.trs            道路貨物輸送（除自家輸送）
713101.trs            自家輸送（旅客自動車）
713201.trs            自家輸送（貨物自動車）
714101.trs            外洋輸送
714201.trs            沿海・内水面輸送
714301.trs            港湾運送
715101.trs            航空輸送
716101.trs            貨物利用運送
717101.trs            倉庫
718101.trs            こん包
718901.trs            道路輸送施設提供
718902.trs            水運施設管理★★
718903.trs            その他の水運付帯サービス
718904.trs            航空施設管理（国公営）★★
718905.trs            航空施設管理（産業）
718906.trs            その他の航空付帯サービス
718909.trs            旅行・その他の運輸付帯サービス
731101.ser            郵便・信書便
731201.ser            固定電気通信
731202.ser            移動電気通信
731203.ser            その他の電気通信
731909.ser            その他の通信サービス
732101.ser            公共放送
732102.ser            民間放送
732103.ser            有線放送
733101.ser            情報サービス
734101.ser            インターネット附随サービス
735101.ser            映像情報制作・配給業
735102.ser            新聞
735103.ser            出版
735104.ser            ニュース供給・興信所
811101.ser            公務（中央）★★
811201.ser            公務（地方）★★
821101.ser            学校教育（国公立）★★
821102.ser            学校教育（私立）★
821301.ser            社会教育（国公立）★★
821302.ser            社会教育（非営利）★
821303.ser            その他の教育訓練機関（国公立）★★
821304.ser            その他の教育訓練機関（産業）
822101.ser            自然科学研究機関（国公立）★★
822102.ser            人文科学研究機関（国公立）★★
822103.ser            自然科学研究機関（非営利）★
822104.ser            人文科学研究機関（非営利）★
822105.ser            自然科学研究機関（産業）
822106.ser            人文科学研究機関（産業）
822201.ser            企業内研究開発
831101.ser            医療（国公立）
831102.ser            医療（公益法人等）
831103.ser            医療（医療法人等）
831201.ser            保健衛生（国公立）★★
831202.ser            保健衛生（産業）
831301.ser            社会保険事業（国公立）★★
831302.ser            社会保険事業（非営利）★
831303.ser            社会福祉（国公立）★★
831304.ser            社会福祉（非営利）★
831305.ser            社会福祉（産業）
831401.ser            介護（居宅）
831402.ser            介護（施設）
841101.ser            対企業民間非営利団体
841102.ser            対家計民間非営利団体（除別掲）★
851101.ser            広告
851201.ser            物品賃貸業（除貸自動車）
851301.ser            貸自動車業
851410.ser            自動車修理
851510.ser            機械修理
851901.ser            建物サービス
851902.ser            法務・財務・会計サービス
851903.ser            土木建築サービス
851904.ser            労働者派遣サービス
851909.ser            その他の対事業所サービス
861101.ser            映画館
861102.ser            興行場（除別掲）・興行団
861103.ser            遊戯場
861104.ser            競輪・競馬等の競走場・競技団
861105.ser            スポーツ施設提供業・公園・遊園地
861109.ser            その他の娯楽
861201.ser            一般飲食店（除喫茶店）
861202.ser            喫茶店
861203.ser            遊興飲食店
861301.ser            宿泊業
861401.ser            洗濯業
861402.ser            理容業
861403.ser            美容業
861404.ser            浴場業
861409.ser            その他の洗濯・理容・美容・浴場業
861901.ser            写真業
861902.ser            冠婚葬祭業
861903.ser            各種修理業（除別掲）
861904.ser            個人教授業
861909.ser            その他の対個人サービス
890000.ser            事務用品
900000.ser            分類不明
/;

set va_map(row_bas,va) "付加価値部門用の mapping 用の集合" /
9110010.epin    宿泊・日当
9110020.epin    交際費
9110030.epin    福利厚生費
9311000.epin    賃金・俸給
9312000.ssce    社会保険料（雇用主負担）
9313000.epin    その他の給与及び手当
9401000.opse    営業余剰
9402000.depr    資本減耗引当
9403000.depr    資本減耗引当（社会資本等減耗分）
9404000.idtx    間接税（除関税・輸入品商品税）
9405000.subs    （控除）経常補助金
/;

set fd_map(col_bas,fd) 付加価値部門用の mapping 用の集合 /
911000.hhco     家計外消費支出（列）
912100.hhco     家計消費支出
912200.hhco     対家計民間非営利団体消費支出
913110.gvcc     中央政府集合的消費支出
913120.gvcc     地方政府集合的消費支出
913130.gvci     中央政府個別的消費支出
913140.gvci     地方政府個別的消費支出
913210.gvcc     中央政府集合的消費支出（社会資本等減耗分）
913220.gvcc     地方政府集合的消費支出（社会資本等減耗分）
913230.gvci     中央政府個別的消費支出（社会資本等減耗分）
913240.gvci     地方政府個別的消費支出（社会資本等減耗分）
914100.invg     国内総固定資本形成（公的）
914200.invp     国内総固定資本形成（民間）
915010.stck     生産者製品在庫純増
915020.stck     半製品・仕掛品在庫純増
915030.stck     流通在庫純増
915040.stck     原材料在庫純増
921110.expo     輸出（普通貿易）
921120.expo     輸出（特殊貿易）
921200.expo     輸出（直接購入）
921300.expo     調整項
941110.impo     （控除）輸入（普通貿易）
941120.impo     （控除）輸入（特殊貿易）
941200.impo     （控除）輸入（直接購入）
941300.imta     （控除）関税
941400.imtx     （控除）輸入品商品税
/;


* --------------------
* Local Variables:
* mode: gams
* fill-column: 80
* coding: sjis-dos
* End:
