$ontext

mapping用の集合の定義。統合後の集合はsetフォルダで定義。

このファイルでは以下の 4 つの集合（set）を定義．

・行部門の mapping 用の集合 (row_map)
・列部門の mapping 用の集合 (col_map)
・付加価値部門用の mapping 用の集合 (va_map)
・最終需要部門用の mapping 用の集合 (fd_map)

$offtext

set row_map(*,*) "行部門のマップ";

row_map(row_bas,row) = no;
row_map(row_bas,row)$sameas(row_bas,row) = yes;

set col_map(*,*) "列部門のマップ";

col_map(col_bas,col) = no;
col_map(col_bas,col)$sameas(col_bas,col) = yes;

set va_map(row_bas,va) "付加価値部門用の mapping 用の集合" /
9110010.ohcr       宿泊・日当
9110020.ohcr       交際費
9110030.ohcr       福利厚生費
9311000.wage       賃金・俸給
9312000.ssce       社会保険料（雇用主負担）
9313000.othp       その他の給与及び手当
9401000.opse       営業余剰
9402000.depr       資本減耗引当
9403000.drsc       資本減耗引当（社会資本等減耗分）
9404000.idtx       間接税（除関税・輸入品商品税）
9405000.subs       （控除）経常補助金
/;

set fd_map(col_bas,fd) "最終需要部門用の mapping 用の集合" /
911000.ohcc       家計外消費支出（列）
912100.hhco       家計消費支出
912200.npco       対家計民間非営利団体消費支出
913110.govc       中央政府集合的消費支出
913120.govc       地方政府集合的消費支出
913130.govc       中央政府個別的消費支出
913140.govc       地方政府個別的消費支出
913210.gosc       中央政府集合的消費支出（社会資本等減耗分）
913220.gosc       地方政府集合的消費支出（社会資本等減耗分）
913230.gosc       中央政府個別的消費支出（社会資本等減耗分）
913240.gosc       地方政府個別的消費支出（社会資本等減耗分）
914100.invg       国内総固定資本形成（公的）
914200.invp       国内総固定資本形成（民間）
915010.stck       生産者製品在庫純増
915020.stck       半製品・仕掛品在庫純増
915030.stck       流通在庫純増
915040.stck       原材料在庫純増
921110.expo       輸出（普通貿易）
921120.expo       輸出（特殊貿易）
921200.expd       輸出（直接購入）
921300.adjs       調整項
941110.impo       （控除）輸入（普通貿易）
941120.impo       （控除）輸入（特殊貿易）
941200.impd       （控除）輸入（直接購入）
941300.imta       （控除）関税
941400.imtx       （控除）輸入品商品税
/;

* --------------------
* Local Variables:
* mode: gams
* fill-column: 80
* coding: sjis-dos
* End:


